INDONESIA:566380
VIETNAM:1.00093e+06
JAPAN:660651
CHINA:740211
INDIA:422875